Microchip MPLAB XC8 Compiler V2.50

Linker command line:

-W-3 \
  --edf=C:\Program Files\Microchip\xc8\v2.50\pic\dat\20240725155939_en.msgs \
  -cn -h+dist/default/production\speedtest2.X.production.sym \
  --cmf=dist/default/production\speedtest2.X.production.cmf -z -Q16F873 \
  -oC:\Users\kroko\AppData\Local\Temp\xcAsggk.\driver_tmp_3.o \
  --defsym=__MPLAB_BUILD=1 --fixupoverflow=error \
  -Mdist/default/production/speedtest2.X.production.map \
  --md=C:\Users\kroko\AppData\Local\Temp\xcAsggk.\driver_tmp_0.dat -E1 \
  -ver=XC8 Compiler --acfsm=1493 -ACODE=00h-07FFhx2 -ASTRCODE=00h-0FFFh \
  -ASTRING=00h-0FFhx16 -ACONST=00h-0FFhx16 -AENTRY=00h-0FFhx16 \
  -ABANK0=020h-07Dh -ABANK1=0A0h-0FDh -ARAM=020h-07Dh,0A0h-0FDh \
  -AABS1=020h-07Fh,0A0h-0FFh -ACOMMON=07Eh-07Fh -ASFR0=00h-01Fh \
  -ASFR1=080h-09Fh -ASFR2=0100h-017Dh -ASFR3=0180h-01FDh \
  -ACONFIG=02007h-02007h -DCONFIG=2 -AIDLOC=02000h-02003h -DIDLOC=2 \
  -AEEDATA=00h-07Fh/02100h -peeprom_data=EEDATA -DEEDATA=2 -DCODE=2 \
  -DSTRCODE=2 -DSTRING=2 -DCONST=2 -DENTRY=2 \
  -preset_vec=00h,intentry,sivt,init,end_init -ppowerup=CODE -pcinit=CODE \
  -pfunctab=ENTRY -k \
  C:\Users\kroko\AppData\Local\Temp\xcAsggk.\driver_tmp_12.o \
  dist/default/production\speedtest2.X.production.o 

Object code version is 3.11

Machine type is 16F873



                Name                               Link     Load   Length Selector   Space Scale
C:\Users\kroko\AppData\Local\Temp\xcAsggk.\driver_tmp_12.o
                end_init                              0        0        2        0       0
                config                             2007     2007        1        0       4
dist/default/production\speedtest2.X.production.o
                cinit                               7EB      7EB       15      FD6       0
                config                             2007     2007        1        0       4
                text2                               642      642       15      C84       0
                text1                               689      689      162      D12       0
                maintext                            62F      62F       13      C5E       0
                cstackBANK0                          52       52       15       20       1
                inittext                            61E      61E       11      C3C       0
                dataBANK0                            20       20       32       20       1
                bssBANK0                             67       67        6       20       1
                idataBANK0                          657      657       32      CAE       0

TOTAL           Name                               Link     Load   Length     Space
        CLASS   CODE           
                end_init                              0        0        2         0
                cinit                               7EB      7EB       15         0
                text2                               642      642       15         0
                text1                               689      689      162         0
                maintext                            62F      62F       13         0
                inittext                            61E      61E       11         0
                idataBANK0                          657      657       32         0

        CLASS   STRCODE        

        CLASS   STRING         

        CLASS   CONST          

        CLASS   ENTRY          

        CLASS   BANK0          
                cstackBANK0                          52       52       15         1
                dataBANK0                            20       20       32         1
                bssBANK0                             67       67        6         1

        CLASS   BANK1          

        CLASS   RAM            

        CLASS   ABS1           
                abs_s1                               7E       7E        2         1

        CLASS   COMMON         

        CLASS   SFR0           

        CLASS   SFR1           

        CLASS   SFR2           

        CLASS   SFR3           

        CLASS   CONFIG         
                config                             2007     2007        1         4

        CLASS   IDLOC          

        CLASS   EEDATA         

        CLASS   BANK3          

        CLASS   BANK2          

        CLASS   HEAP           

        CLASS   STACK          



SEGMENTS        Name                           Load    Length   Top    Selector   Space  Class     Delta

                reset_vec                      000000  000002  000002         0       0  CODE        2
                dataBANK0                      000020  00004D  00006D        20       1  BANK0       1
                inittext                       00061E  000011  00062F       C3C       0  CODE        2
                maintext                       00062F  000013  000642       C5E       0  CODE        2
                text2                          000642  000015  000657       C84       0  CODE        2
                idataBANK0                     000657  000032  000689       CAE       0  CODE        2
                text1                          000689  000162  0007EB       D12       0  CODE        2
                cinit                          0007EB  000015  000800       FD6       0  CODE        2


UNUSED ADDRESS RANGES

        Name                Unused          Largest block    Delta
        BANK0            006D-007D             11           1
        BANK1            00A0-00FD             5E           1
        CODE             0002-061D            61C           2
                         0800-0FFF            800
        CONST            0002-061D            100           2
                         0800-0FFF            100
        EEDATA           2100-217F             80           2
        ENTRY            0002-061D            100           2
                         0800-0FFF            100
        IDLOC            2000-2003              4           2
        RAM              006D-007D             11           1
                         00A0-00FD             5E
        SFR0             0000-001F             20           1
        SFR1             0080-009F             20           1
        SFR2             0100-017D             7E           1
        SFR3             0180-01FD             7E           1
        STRCODE          0002-061D            61C           2
                         0800-0FFF            800
        STRING           0002-061D            100           2
                         0800-0FFF            100

                                  Symbol Table

_PORTA                   (abs)        0005
_TRISA                   (abs)        0085
__H__absolute__          __absolute__ 0000
__Habs1                  abs1         0000
__Hbank0                 bank0        0000
__Hbank1                 bank1        0000
__Hbank2                 bank2        0000
__Hbank3                 bank3        0000
__HbssBANK0              bssBANK0     0000
__Hcinit                 cinit        0800
__Hclrtext               clrtext      0000
__Hcode                  code         0000
__Hcommon                common       0000
__Hconfig                config       2008
__HcstackBANK0           cstackBANK0  0000
__HcstackCOMMON          cstackCOMMON 0000
__HdataBANK0             dataBANK0    0000
__Heeprom_data           eeprom_data  0000
__Hend_init              end_init     0002
__Hfunctab               functab      0000
__Hheap                  heap         0000
__HidataBANK0            idataBANK0   0000
__Hinit                  init         0000
__Hinittext              inittext     0000
__Hintentry              intentry     0000
__Hmaintext              maintext     0000
__Hpowerup               powerup      0000
__Hram                   ram          0000
__Hreset_vec             reset_vec    0000
__Hsfr0                  sfr0         0000
__Hsfr1                  sfr1         0000
__Hsfr2                  sfr2         0000
__Hsfr3                  sfr3         0000
__Hsivt                  sivt         0000
__Hspace_0               (abs)        0800
__Hspace_1               (abs)        006D
__Hspace_2               (abs)        0000
__Hspace_3               (abs)        0000
__Hspace_4               (abs)        400F
__Hstack                 stack        0000
__Hstrings               strings      0000
__Htext                  text         0000
__L__absolute__          __absolute__ 0000
__Labs1                  abs1         0000
__Lbank0                 bank0        0000
__Lbank1                 bank1        0000
__Lbank2                 bank2        0000
__Lbank3                 bank3        0000
__LbssBANK0              bssBANK0     0000
__Lcinit                 cinit        07EB
__Lclrtext               clrtext      0000
__Lcode                  code         0000
__Lcommon                common       0000
__Lconfig                config       0000
__LcstackBANK0           cstackBANK0  0000
__LcstackCOMMON          cstackCOMMON 0000
__LdataBANK0             dataBANK0    0000
__Leeprom_data           eeprom_data  0000
__Lend_init              end_init     0000
__Lfunctab               functab      0000
__Lheap                  heap         0000
__LidataBANK0            idataBANK0   0000
__Linit                  init         0000
__Linittext              inittext     0000
__Lintentry              intentry     0000
__Lmaintext              maintext     0000
__Lpowerup               powerup      0000
__Lram                   ram          0000
__Lreset_vec             reset_vec    0000
__Lsfr0                  sfr0         0000
__Lsfr1                  sfr1         0000
__Lsfr2                  sfr2         0000
__Lsfr3                  sfr3         0000
__Lsivt                  sivt         0000
__Lspace_0               (abs)        0000
__Lspace_1               (abs)        0000
__Lspace_2               (abs)        0000
__Lspace_3               (abs)        0000
__Lspace_4               (abs)        0000
__Lstack                 stack        0000
__Lstrings               strings      0000
__Ltext                  text         0000
__S0                     (abs)        0800
__S1                     (abs)        006D
__S3                     (abs)        0000
___bmul                  text2        0642
___bmul@multiplicand     cstackBANK0  0052
___bmul@multiplier       cstackBANK0  0054
___bmul@product          cstackBANK0  0053
___heap_hi               (abs)        0000
___heap_lo               (abs)        0000
___int_sp                stack        0000
___int_stack_hi          stack        0000
___int_stack_lo          stack        0000
___latbits               (abs)        0001
___sp                    stack        0000
___stack_hi              stack        0000
___stack_lo              stack        0000
___stackhi               (abs)        0000
___stacklo               (abs)        0000
__end_of___bmul          text2        0657
__end_of__initialization cinit        07FD
__end_of_graf            text1        07EB
__end_of_main            maintext     0642
__initialization         cinit        07EB
__pbssBANK0              bssBANK0     0067
__pcstackBANK0           cstackBANK0  0052
__pcstackCOMMON          cstackCOMMON 0000
__pdataBANK0             dataBANK0    0020
__pidataBANK0            idataBANK0   0657
__pmaintext              maintext     062F
__ptext1                 text1        0689
__ptext2                 text2        0642
_d                       dataBANK0    0020
_graf                    text1        0689
_i                       bssBANK0     0069
_j                       bssBANK0     0067
_k                       bssBANK0     006B
_main                    maintext     062F
btemp                    (abs)        007E
end_of_initialization    cinit        07FD
init_fetch0              inittext     061E
init_ram0                inittext     0622
intlevel0                functab      0000
intlevel1                functab      0000
intlevel2                functab      0000
intlevel3                functab      0000
intlevel4                functab      0000
intlevel5                functab      0000
reset_vec                reset_vec    0000
start                    init         0000
start_initialization     cinit        07EB
wtemp0                   (abs)        007E


MODULE INFORMATION

Module		Function		Class		Link	Load	Size
shared
		__initialization		CODE           	07EB	0000	18

shared estimated size: 18

C:\Program Files\Microchip\xc8\v2.50\pic\sources\c99\common\Umul8.c
		___bmul        		CODE           	0642	0000	21

C:\Program Files\Microchip\xc8\v2.50\pic\sources\c99\common\Umul8.c estimated size: 21

main.c
		_main          		CODE           	062F	0000	19
		_graf          		CODE           	0689	0000	354

main.c estimated size: 373

