Microchip MPLAB XC8 Compiler V2.50

Linker command line:

-W-3 \
  --edf=C:\Program Files\Microchip\xc8\v2.50\pic\dat\20240725155939_en.msgs \
  -cn -h+dist/default/production\speedtest3.X.production.sym \
  --cmf=dist/default/production\speedtest3.X.production.cmf -z -Q16F873 \
  -oC:\Users\kroko\AppData\Local\Temp\xcAs60g.\driver_tmp_3.o \
  --defsym=__MPLAB_BUILD=1 --fixupoverflow=error \
  -Mdist/default/production/speedtest3.X.production.map \
  --md=C:\Users\kroko\AppData\Local\Temp\xcAs60g.\driver_tmp_0.dat -E1 \
  -ver=XC8 Compiler --acfsm=1493 -ACODE=00h-07FFhx2 -ASTRCODE=00h-0FFFh \
  -ASTRING=00h-0FFhx16 -ACONST=00h-0FFhx16 -AENTRY=00h-0FFhx16 \
  -ABANK0=020h-07Dh -ABANK1=0A0h-0FDh -ARAM=020h-07Dh,0A0h-0FDh \
  -AABS1=020h-07Fh,0A0h-0FFh -ACOMMON=07Eh-07Fh -ASFR0=00h-01Fh \
  -ASFR1=080h-09Fh -ASFR2=0100h-017Dh -ASFR3=0180h-01FDh \
  -ACONFIG=02007h-02007h -DCONFIG=2 -AIDLOC=02000h-02003h -DIDLOC=2 \
  -AEEDATA=00h-07Fh/02100h -peeprom_data=EEDATA -DEEDATA=2 -DCODE=2 \
  -DSTRCODE=2 -DSTRING=2 -DCONST=2 -DENTRY=2 \
  -preset_vec=00h,intentry,sivt,init,end_init -ppowerup=CODE -pcinit=CODE \
  -pfunctab=ENTRY -k \
  C:\Users\kroko\AppData\Local\Temp\xcAs60g.\driver_tmp_12.o \
  dist/default/production\speedtest3.X.production.o 

Object code version is 3.11

Machine type is 16F873



                Name                               Link     Load   Length Selector   Space Scale
C:\Users\kroko\AppData\Local\Temp\xcAs60g.\driver_tmp_12.o
                end_init                              0        0        2        0       0
                config                             2007     2007        1        0       4
dist/default/production\speedtest3.X.production.o
                cinit                               7F6      7F6        A      FEC       0
                config                             2007     2007        1        0       4
                text11                              CC6      CC6       B6     198C       0
                text10                               13       13       76       26       0
                text9                               E36      E36      1CA     1C6C       0
                text8                               C22      C22       A4     1844       0
                text7                               B8A      B8A       29     1714       0
                text6                               4C6      4C6      330      98C       0
                text5                               276      276      250      4EC       0
                text4                               B68      B68       22     16D0       0
                text3                                89       89      1ED      112       0
                text2                               BB3      BB3       6F     1766       0
                text1                               D7C      D7C       BA     1AF8       0
                maintext                            B55      B55       13     16AA       0
                cstackBANK0                          20       20       5D       20       1
                clrtext                               B        B        8       16       0
                bssBANK1                             A0       A0       56       A0       1

TOTAL           Name                               Link     Load   Length     Space
        CLASS   CODE           
                end_init                              0        0        2         0
                cinit                               7F6      7F6        A         0
                text11                              CC6      CC6       B6         0
                text10                               13       13       76         0
                text9                               E36      E36      1CA         0
                text8                               C22      C22       A4         0
                text7                               B8A      B8A       29         0
                text6                               4C6      4C6      330         0
                text5                               276      276      250         0
                text4                               B68      B68       22         0
                text3                                89       89      1ED         0
                text2                               BB3      BB3       6F         0
                text1                               D7C      D7C       BA         0
                maintext                            B55      B55       13         0
                clrtext                               B        B        8         0

        CLASS   STRCODE        

        CLASS   STRING         

        CLASS   CONST          

        CLASS   ENTRY          

        CLASS   BANK0          
                cstackBANK0                          20       20       5D         1

        CLASS   BANK1          
                bssBANK1                             A0       A0       56         1

        CLASS   RAM            

        CLASS   ABS1           
                abs_s1                               7E       7E        2         1

        CLASS   COMMON         

        CLASS   SFR0           

        CLASS   SFR1           

        CLASS   SFR2           

        CLASS   SFR3           

        CLASS   CONFIG         
                config                             2007     2007        1         4

        CLASS   IDLOC          

        CLASS   EEDATA         

        CLASS   BANK3          

        CLASS   BANK2          

        CLASS   HEAP           

        CLASS   STACK          



SEGMENTS        Name                           Load    Length   Top    Selector   Space  Class     Delta

                reset_vec                      000000  000002  000002         0       0  CODE        2
                clrtext                        00000B  000008  000013        16       0  CODE        2
                cstackBANK0                    000020  00005D  00007D        20       1  BANK0       1
                text10                         000013  000076  000089        26       0  CODE        2
                bssBANK1                       0000A0  000056  0000F6        A0       1  BANK1       1
                text3                          000089  0001ED  000276       112       0  CODE        2
                text5                          000276  000250  0004C6       4EC       0  CODE        2
                text6                          0004C6  000330  0007F6       98C       0  CODE        2
                cinit                          0007F6  00000A  000800       FEC       0  CODE        2
                maintext                       000B55  000013  000B68      16AA       0  CODE        2
                text4                          000B68  000022  000B8A      16D0       0  CODE        2
                text7                          000B8A  000029  000BB3      1714       0  CODE        2
                text2                          000BB3  00006F  000C22      1766       0  CODE        2
                text8                          000C22  0000A4  000CC6      1844       0  CODE        2
                text11                         000CC6  0000B6  000D7C      198C       0  CODE        2
                text1                          000D7C  0000BA  000E36      1AF8       0  CODE        2
                text9                          000E36  0001CA  001000      1C6C       0  CODE        2


UNUSED ADDRESS RANGES

        Name                Unused          Largest block    Delta
        BANK0            007D-007D              1           1
        BANK1            00F6-00FD              8           1
        CODE             0002-000A              9           2
                         0800-0B54            355
        CONST            0002-000A              9           2
                         0800-0B54            100
        EEDATA           2100-217F             80           2
        ENTRY            0002-000A              9           2
                         0800-0B54            100
        IDLOC            2000-2003              4           2
        RAM              007D-007D              1           1
                         00F6-00FD              8
        SFR0             0000-001F             20           1
        SFR1             0080-009F             20           1
        SFR2             0100-017D             7E           1
        SFR3             0180-01FD             7E           1
        STRCODE          0002-000A              9           2
                         0800-0B54            355
        STRING           0002-000A              9           2
                         0800-0B54            100

                                  Symbol Table

?__Umul8_16                 cstackBANK0  0020
?___fladd                   cstackBANK0  0020
?___fldiv                   cstackBANK0  004E
?___flmul                   cstackBANK0  0034
?___flsub                   cstackBANK0  0034
?___fltol                   cstackBANK0  004E
?___xxtofl                  cstackBANK0  0020
?_calculate_sine_pwm        cstackBANK0  0074
?_sin_approx                cstackBANK0  0068
_PORTA                      (abs)        0005
_TRISA                      (abs)        0085
__H__absolute__             __absolute__ 0000
__Habs1                     abs1         0000
__Hbank0                    bank0        0000
__Hbank1                    bank1        0000
__Hbank2                    bank2        0000
__Hbank3                    bank3        0000
__HbssBANK1                 bssBANK1     0000
__Hcinit                    cinit        0800
__Hclrtext                  clrtext      0000
__Hcode                     code         0000
__Hcommon                   common       0000
__Hconfig                   config       2008
__HcstackBANK0              cstackBANK0  0000
__HcstackCOMMON             cstackCOMMON 0000
__Heeprom_data              eeprom_data  0000
__Hend_init                 end_init     0002
__Hfunctab                  functab      0000
__Hheap                     heap         0000
__Hinit                     init         0000
__Hintentry                 intentry     0000
__Hmaintext                 maintext     0000
__Hpowerup                  powerup      0000
__Hram                      ram          0000
__Hreset_vec                reset_vec    0000
__Hsfr0                     sfr0         0000
__Hsfr1                     sfr1         0000
__Hsfr2                     sfr2         0000
__Hsfr3                     sfr3         0000
__Hsivt                     sivt         0000
__Hspace_0                  (abs)        1000
__Hspace_1                  (abs)        00F6
__Hspace_2                  (abs)        0000
__Hspace_3                  (abs)        0000
__Hspace_4                  (abs)        400F
__Hstack                    stack        0000
__Hstrings                  strings      0000
__Htext                     text         0000
__L__absolute__             __absolute__ 0000
__Labs1                     abs1         0000
__Lbank0                    bank0        0000
__Lbank1                    bank1        0000
__Lbank2                    bank2        0000
__Lbank3                    bank3        0000
__LbssBANK1                 bssBANK1     0000
__Lcinit                    cinit        07F6
__Lclrtext                  clrtext      0000
__Lcode                     code         0000
__Lcommon                   common       0000
__Lconfig                   config       0000
__LcstackBANK0              cstackBANK0  0000
__LcstackCOMMON             cstackCOMMON 0000
__Leeprom_data              eeprom_data  0000
__Lend_init                 end_init     0000
__Lfunctab                  functab      0000
__Lheap                     heap         0000
__Linit                     init         0000
__Lintentry                 intentry     0000
__Lmaintext                 maintext     0000
__Lpowerup                  powerup      0000
__Lram                      ram          0000
__Lreset_vec                reset_vec    0000
__Lsfr0                     sfr0         0000
__Lsfr1                     sfr1         0000
__Lsfr2                     sfr2         0000
__Lsfr3                     sfr3         0000
__Lsivt                     sivt         0000
__Lspace_0                  (abs)        0000
__Lspace_1                  (abs)        0000
__Lspace_2                  (abs)        0000
__Lspace_3                  (abs)        0000
__Lspace_4                  (abs)        0000
__Lstack                    stack        0000
__Lstrings                  strings      0000
__Ltext                     text         0000
__S0                        (abs)        1000
__S1                        (abs)        00F6
__S3                        (abs)        0000
__Umul8_16                  text7        0B8A
__Umul8_16@multiplicand     cstackBANK0  0020
__Umul8_16@multiplier       cstackBANK0  0028
__Umul8_16@product          cstackBANK0  0024
__Umul8_16@word_mpld        cstackBANK0  0026
___fladd                    text5        0276
___fladd@a                  cstackBANK0  0024
___fladd@aexp               cstackBANK0  0031
___fladd@b                  cstackBANK0  0020
___fladd@bexp               cstackBANK0  0032
___fladd@grs                cstackBANK0  0033
___fladd@signs              cstackBANK0  0030
___fldiv                    text9        0E36
___fldiv@a                  cstackBANK0  004E
___fldiv@aexp               cstackBANK0  0067
___fldiv@b                  cstackBANK0  0052
___fldiv@bexp               cstackBANK0  0066
___fldiv@grs                cstackBANK0  0062
___fldiv@new_exp            cstackBANK0  0060
___fldiv@rem                cstackBANK0  005B
___fldiv@sign               cstackBANK0  005F
___flge                     text8        0C22
___flge@ff1                 cstackBANK0  0020
___flge@ff2                 cstackBANK0  0024
___flmul                    text6        04C6
___flmul@a                  cstackBANK0  0038
___flmul@aexp               cstackBANK0  0046
___flmul@b                  cstackBANK0  0034
___flmul@bexp               cstackBANK0  0047
___flmul@grs                cstackBANK0  0042
___flmul@prod               cstackBANK0  0048
___flmul@sign               cstackBANK0  0041
___flmul@temp               cstackBANK0  004C
___flsub                    text4        0B68
___flsub@a                  cstackBANK0  0034
___flsub@b                  cstackBANK0  0038
___fltol                    text10       0013
___fltol@exp1               cstackBANK0  0057
___fltol@f1                 cstackBANK0  004E
___fltol@sign1              cstackBANK0  0056
___heap_hi                  (abs)        0000
___heap_lo                  (abs)        0000
___int_sp                   stack        0000
___int_stack_hi             stack        0000
___int_stack_lo             stack        0000
___latbits                  (abs)        0001
___sp                       stack        0000
___stack_hi                 stack        0000
___stack_lo                 stack        0000
___stackhi                  (abs)        0000
___stacklo                  (abs)        0000
___xxtofl                   text11       0CC6
___xxtofl@arg               cstackBANK0  002A
___xxtofl@exp               cstackBANK0  0029
___xxtofl@sign              cstackBANK0  0028
___xxtofl@val               cstackBANK0  0020
__end_of__Umul8_16          text7        0BB3
__end_of___fladd            text5        04C6
__end_of___fldiv            text9        1000
__end_of___flge             text8        0CC6
__end_of___flmul            text6        07F6
__end_of___flsub            text4        0B8A
__end_of___fltol            text10       0089
__end_of___xxtofl           text11       0D7C
__end_of__initialization    cinit        07FD
__end_of_calculate_sine_pwm text2        0C22
__end_of_main               maintext     0B68
__end_of_sin_approx         text3        0276
__end_of_sine               text1        0E36
__initialization            cinit        07F6
__pbssBANK1                 bssBANK1     00A0
__pcstackBANK0              cstackBANK0  0020
__pcstackCOMMON             cstackCOMMON 0000
__pmaintext                 maintext     0B55
__ptext1                    text1        0D7C
__ptext10                   text10       0013
__ptext11                   text11       0CC6
__ptext2                    text2        0BB3
__ptext3                    text3        0089
__ptext4                    text4        0B68
__ptext5                    text5        0276
__ptext6                    text6        04C6
__ptext7                    text7        0B8A
__ptext8                    text8        0C22
__ptext9                    text9        0E36
_calculate_sine_pwm         text2        0BB3
_i                          bssBANK1     00F4
_main                       maintext     0B55
_radians                    bssBANK1     00F0
_sin_approx                 text3        0089
_sin_approx$652             cstackBANK0  006C
_sin_approx$653             cstackBANK0  0070
_sine                       text1        0D7C
_sine$654                   cstackBANK0  0079
_sine_table                 bssBANK1     00A0
_sine_value                 bssBANK1     00DC
_term1                      bssBANK1     00E8
_term2                      bssBANK1     00E4
_term3                      bssBANK1     00E0
_x2                         bssBANK1     00EC
btemp                       (abs)        007E
calculate_sine_pwm@radians  cstackBANK0  0074
clear_ram0                  clrtext      000B
end_of_initialization       cinit        07FD
intlevel0                   functab      0000
intlevel1                   functab      0000
intlevel2                   functab      0000
intlevel3                   functab      0000
intlevel4                   functab      0000
intlevel5                   functab      0000
reset_vec                   reset_vec    0000
sin_approx@x                cstackBANK0  0068
start                       init         0000
start_initialization        cinit        07F6
wtemp0                      (abs)        007E


MODULE INFORMATION

Module		Function		Class		Link	Load	Size
C:\Program Files\Microchip\xc8\v2.50\pic\sources\c99\common\sprcmul.c
		___flmul       		CODE           	04C6	0000	816

C:\Program Files\Microchip\xc8\v2.50\pic\sources\c99\common\sprcmul.c estimated size: 816

C:\Program Files\Microchip\xc8\v2.50\pic\sources\c99\common\sprcdiv.c
		___fldiv       		CODE           	0E36	0000	458

C:\Program Files\Microchip\xc8\v2.50\pic\sources\c99\common\sprcdiv.c estimated size: 458

C:\Program Files\Microchip\xc8\v2.50\pic\sources\c99\common\xxtofl.c
		___xxtofl      		CODE           	0CC6	0000	182

C:\Program Files\Microchip\xc8\v2.50\pic\sources\c99\common\xxtofl.c estimated size: 182

C:\Program Files\Microchip\xc8\v2.50\pic\sources\c99\common\Umul8_16.c
		__Umul8_16     		CODE           	0B8A	0000	41

C:\Program Files\Microchip\xc8\v2.50\pic\sources\c99\common\Umul8_16.c estimated size: 41

C:\Program Files\Microchip\xc8\v2.50\pic\sources\c99\common\sprcadd.c
		___flsub       		CODE           	0B68	0000	34
		___fladd       		CODE           	0276	0000	592

C:\Program Files\Microchip\xc8\v2.50\pic\sources\c99\common\sprcadd.c estimated size: 626

shared
		__initialization		CODE           	07F6	0000	7

shared estimated size: 7

C:\Program Files\Microchip\xc8\v2.50\pic\sources\c99\common\fltol.c
		___fltol       		CODE           	0013	0000	118

C:\Program Files\Microchip\xc8\v2.50\pic\sources\c99\common\fltol.c estimated size: 118

main.c
		_calculate_sine_pwm		CODE           	0BB3	0000	111
		_main          		CODE           	0B55	0000	19
		_sin_approx    		CODE           	0089	0000	493
		_sine          		CODE           	0D7C	0000	186

main.c estimated size: 809

C:\Program Files\Microchip\xc8\v2.50\pic\sources\c99\common\flge.c
		___flge        		CODE           	0C22	0000	164

C:\Program Files\Microchip\xc8\v2.50\pic\sources\c99\common\flge.c estimated size: 164

