BL51 BANKED LINKER/LOCATER V6.22.4.0                                                    02/03/2025  22:53:57  PAGE 1


BL51 BANKED LINKER/LOCATER V6.22.4.0, INVOKED BY:
C:\KEIL_V5\C51\BIN\BL51.EXE .\Objects\STARTUP.obj, .\Objects\main.obj TO .\Objects\test PRINT (.\Listings\test.m51) RAMS
>> IZE (256)


MEMORY MODEL: SMALL


INPUT MODULES INCLUDED:
  .\Objects\STARTUP.obj (?C_STARTUP)
  .\Objects\main.obj (MAIN)
  C:\KEIL_V5\C51\LIB\C51S.LIB (?C_INIT)
  C:\KEIL_V5\C51\LIB\C51S.LIB (?C?ULCMP)


LINK MAP OF MODULE:  .\Objects\test (?C_STARTUP)


            TYPE    BASE      LENGTH    RELOCATION   SEGMENT NAME
            -----------------------------------------------------

            * * * * * * *   D A T A   M E M O R Y   * * * * * * *
            REG     0000H     0008H     ABSOLUTE     "REG BANK 0"
            DATA    0008H     0040H     UNIT         ?DT?MAIN
            IDATA   0048H     0001H     UNIT         ?STACK

            * * * * * * *   C O D E   M E M O R Y   * * * * * * *
            CODE    0000H     0003H     ABSOLUTE     
                    0003H     07FDH                  *** GAP ***
            CODE    0800H     0140H     UNIT         ?PR?BUBBLE_SORT?MAIN
            CODE    0940H     008CH     UNIT         ?C_C51STARTUP
            CODE    09CCH     0036H     UNIT         ?C_INITSEG
            CODE    0A02H     0011H     UNIT         ?C?LIB_CODE
            CODE    0A13H     000EH     UNIT         ?PR?MAIN?MAIN



OVERLAY MAP OF MODULE:   .\Objects\test (?C_STARTUP)


SEGMENT
  +--> CALLED SEGMENT
---------------------
?C_C51STARTUP
  +--> ?PR?MAIN?MAIN
  +--> ?C_INITSEG

?PR?MAIN?MAIN
  +--> ?PR?BUBBLE_SORT?MAIN



SYMBOL TABLE OF MODULE:  .\Objects\test (?C_STARTUP)

  VALUE           TYPE          NAME
  ----------------------------------

  -------         MODULE        ?C_STARTUP
BL51 BANKED LINKER/LOCATER V6.22.4.0                                                  02/03/2025  22:53:57  PAGE 2


  C:0940H         SEGMENT       ?C_C51STARTUP
  I:0048H         SEGMENT       ?STACK
  C:0000H         PUBLIC        ?C_STARTUP
  D:00E0H         SYMBOL        ACC
  D:00F0H         SYMBOL        B
  D:0083H         SYMBOL        DPH
  D:0082H         SYMBOL        DPL
  N:0000H         SYMBOL        IBPSTACK
  N:0100H         SYMBOL        IBPSTACKTOP
  N:0080H         SYMBOL        IDATALEN
  C:0943H         SYMBOL        IDATALOOP
  N:0000H         SYMBOL        PBPSTACK
  N:0100H         SYMBOL        PBPSTACKTOP
  N:0000H         SYMBOL        PDATALEN
  N:0000H         SYMBOL        PDATASTART
  N:0000H         SYMBOL        PPAGE
  N:0000H         SYMBOL        PPAGEENABLE
  D:00A0H         SYMBOL        PPAGE_SFR
  D:0081H         SYMBOL        SP
  C:0940H         SYMBOL        STARTUP1
  N:0000H         SYMBOL        XBPSTACK
  N:0000H         SYMBOL        XBPSTACKTOP
  N:0000H         SYMBOL        XDATALEN
  N:0000H         SYMBOL        XDATASTART
  C:0000H         LINE#         126
  C:0940H         LINE#         133
  C:0942H         LINE#         134
  C:0943H         LINE#         135
  C:0944H         LINE#         136
  C:0946H         LINE#         185
  C:0949H         LINE#         196
  -------         ENDMOD        ?C_STARTUP

  -------         MODULE        MAIN
  C:0000H         SYMBOL        _ICE_DUMMY_
  D:0090H         PUBLIC        P1
  C:0800H         PUBLIC        bubble_sort
  C:0A13H         PUBLIC        main
  D:0008H         PUBLIC        temp
  D:000AH         PUBLIC        pass
  D:000EH         PUBLIC        arr
  D:0040H         PUBLIC        i
  D:0044H         PUBLIC        j
  -------         PROC          MAIN
  C:0A13H         LINE#         13
  C:0A13H         LINE#         14
  C:0A13H         LINE#         15
  C:0A13H         LINE#         16
  C:0A13H         LINE#         17
  C:0A16H         LINE#         18
  C:0A19H         LINE#         19
  C:0A1CH         LINE#         20
  C:0A1FH         LINE#         21
  -------         ENDPROC       MAIN
  -------         PROC          BUBBLE_SORT
  C:0800H         LINE#         24
  C:0800H         LINE#         27
BL51 BANKED LINKER/LOCATER V6.22.4.0                                                  02/03/2025  22:53:57  PAGE 3


  C:0820H         LINE#         28
  C:0840H         LINE#         29
  C:086CH         LINE#         30
  C:089DH         LINE#         31
  C:08B2H         LINE#         32
  C:08D8H         LINE#         33
  C:08EBH         LINE#         34
  C:08EBH         LINE#         35
  C:0907H         LINE#         36
  C:0923H         LINE#         37
  C:093FH         LINE#         38
  -------         ENDPROC       BUBBLE_SORT
  -------         ENDMOD        MAIN

  -------         MODULE        ?C?ULCMP
  C:0A02H         PUBLIC        ?C?ULCMP
  -------         ENDMOD        ?C?ULCMP

******************************************************************************
* RESTRICTED VERSION WITH 0800H BYTE CODE SIZE LIMIT; USED: 0192H BYTE (19%) *
******************************************************************************

Program Size: data=73.0 xdata=0 code=548
LINK/LOCATE RUN COMPLETE.  0 WARNING(S),  0 ERROR(S)
